// Jest Snapshot v1, https://goo.gl/fbAQLP

exports[`Web ACL Rule Group Global Scope default testing Should match snapshot 1`] = `
{
  "Parameters": {
    "BootstrapVersion": {
      "Default": "/cdk-bootstrap/hnb659fds/version",
      "Description": "Version of the CDK Bootstrap resources in this environment, automatically retrieved from SSM Parameter Store. [cdk:skip]",
      "Type": "AWS::SSM::Parameter::Value<String>",
    },
  },
  "Resources": {
    "WafGeoRestrictRuleGroup": {
      "Properties": {
        "Capacity": 10,
        "CustomResponseBodies": {
          "geo-restrict": {
            "Content": "Sorry, You Are Not Allowed to Access This Service.",
            "ContentType": "TEXT_PLAIN",
          },
          "ip-rate-restrict": {
            "Content": "Sorry, You Are Not Allowed to Access This Service.",
            "ContentType": "TEXT_PLAIN",
          },
          "sample-restrict": {
            "Content": "Sorry, You Are Not Allowed to Access This Service.",
            "ContentType": "TEXT_PLAIN",
          },
        },
        "Description": "geo restrict rule group",
        "Rules": [
          {
            "Action": {
              "Allow": {},
            },
            "Name": "allow-geo-rule",
            "Priority": 4,
            "Statement": {
              "GeoMatchStatement": {
                "CountryCodes": [
                  "JP",
                ],
              },
            },
            "VisibilityConfig": {
              "CloudWatchMetricsEnabled": true,
              "MetricName": "AllowGeoRule",
              "SampledRequestsEnabled": true,
            },
          },
          {
            "Action": {
              "Block": {
                "CustomResponse": {
                  "CustomResponseBodyKey": "geo-restrict",
                  "ResponseCode": 403,
                },
              },
            },
            "Name": "deny-geo-rule",
            "Priority": 5,
            "Statement": {
              "NotStatement": {
                "Statement": {
                  "GeoMatchStatement": {
                    "CountryCodes": [
                      "JP",
                    ],
                  },
                },
              },
            },
            "VisibilityConfig": {
              "CloudWatchMetricsEnabled": true,
              "MetricName": "DenyGeoRule",
              "SampledRequestsEnabled": true,
            },
          },
        ],
        "Scope": "CLOUDFRONT",
        "VisibilityConfig": {
          "CloudWatchMetricsEnabled": true,
          "MetricName": "GeoRestrictRule",
          "SampledRequestsEnabled": true,
        },
      },
      "Type": "AWS::WAFv2::RuleGroup",
    },
  },
  "Rules": {
    "CheckBootstrapVersion": {
      "Assertions": [
        {
          "Assert": {
            "Fn::Not": [
              {
                "Fn::Contains": [
                  [
                    "1",
                    "2",
                    "3",
                    "4",
                    "5",
                  ],
                  {
                    "Ref": "BootstrapVersion",
                  },
                ],
              },
            ],
          },
          "AssertDescription": "CDK bootstrap stack version 6 required. Please run 'cdk bootstrap' with a recent version of the CDK CLI.",
        },
      ],
    },
  },
}
`;
